{
  "version": "1.5.0",
  "plugins_used": [
    {
      "name": "ArtifactoryDetector"
    },
    {
      "name": "AWSKeyDetector"
    },
    {
      "name": "AzureStorageKeyDetector"
    },
    {
      "name": "Base64HighEntropyString",
      "limit": 4.5
    },
    {
      "name": "BasicAuthDetector"
    },
    {
      "name": "CloudantDetector"
    },
    {
      "name": "DiscordBotTokenDetector"
    },
    {
      "name": "GitHubTokenDetector"
    },
    {
      "name": "GitLabTokenDetector"
    },
    {
      "name": "HexHighEntropyString",
      "limit": 3.0
    },
    {
      "name": "IbmCloudIamDetector"
    },
    {
      "name": "IbmCosHmacDetector"
    },
    {
      "name": "IPPublicDetector"
    },
    {
      "name": "JwtTokenDetector"
    },
    {
      "name": "KeywordDetector",
      "keyword_exclude": ""
    },
    {
      "name": "MailchimpDetector"
    },
    {
      "name": "NpmDetector"
    },
    {
      "name": "OpenAIDetector"
    },
    {
      "name": "PrivateKeyDetector"
    },
    {
      "name": "PypiTokenDetector"
    },
    {
      "name": "SendGridDetector"
    },
    {
      "name": "SlackDetector"
    },
    {
      "name": "SoftlayerDetector"
    },
    {
      "name": "SquareOAuthDetector"
    },
    {
      "name": "StripeDetector"
    },
    {
      "name": "TelegramBotTokenDetector"
    },
    {
      "name": "TwilioKeyDetector"
    }
  ],
  "filters_used": [
    {
      "path": "detect_secrets.filters.allowlist.is_line_allowlisted"
    },
    {
      "path": "detect_secrets.filters.common.is_ignored_due_to_verification_policies",
      "min_level": 2
    },
    {
      "path": "detect_secrets.filters.heuristic.is_indirect_reference"
    },
    {
      "path": "detect_secrets.filters.heuristic.is_likely_id_string"
    },
    {
      "path": "detect_secrets.filters.heuristic.is_lock_file"
    },
    {
      "path": "detect_secrets.filters.heuristic.is_not_alphanumeric_string"
    },
    {
      "path": "detect_secrets.filters.heuristic.is_potential_uuid"
    },
    {
      "path": "detect_secrets.filters.heuristic.is_prefixed_with_dollar_sign"
    },
    {
      "path": "detect_secrets.filters.heuristic.is_sequential_string"
    },
    {
      "path": "detect_secrets.filters.heuristic.is_swagger_file"
    },
    {
      "path": "detect_secrets.filters.heuristic.is_templated_secret"
    }
  ],
  "results": {
    ".agent/workflows/test.md": [
      {
        "type": "Secret Keyword",
        "filename": ".agent/workflows/test.md",
        "hashed_secret": "aafdc23870ecbcd3d557b6423a8982134e17927e",
        "is_verified": false,
        "line_number": 116
      },
      {
        "type": "Secret Keyword",
        "filename": ".agent/workflows/test.md",
        "hashed_secret": "a4b48a81cdab1e1a5dd37907d6c85ca1c61ddc7c",
        "is_verified": false,
        "line_number": 127
      }
    ],
    ".claude/workflows/test.md": [
      {
        "type": "Secret Keyword",
        "filename": ".claude/workflows/test.md",
        "hashed_secret": "aafdc23870ecbcd3d557b6423a8982134e17927e",
        "is_verified": false,
        "line_number": 116
      },
      {
        "type": "Secret Keyword",
        "filename": ".claude/workflows/test.md",
        "hashed_secret": "a4b48a81cdab1e1a5dd37907d6c85ca1c61ddc7c",
        "is_verified": false,
        "line_number": 127
      }
    ],
    ".github/AI_AGENT_GUIDE.md": [
      {
        "type": "Secret Keyword",
        "filename": ".github/AI_AGENT_GUIDE.md",
        "hashed_secret": "287f5351ee84c7bb75d66c276d5c2a79d3f6bedb",
        "is_verified": false,
        "line_number": 592
      },
      {
        "type": "Secret Keyword",
        "filename": ".github/AI_AGENT_GUIDE.md",
        "hashed_secret": "49efef5f70d47adc2db2eb397fbef5f7bc560e29",
        "is_verified": false,
        "line_number": 738
      }
    ],
    ".github/instructions/code-review-generic.instructions.md": [
      {
        "type": "Secret Keyword",
        "filename": ".github/instructions/code-review-generic.instructions.md",
        "hashed_secret": "15a78bff0e63fdf4fa68393a8ce7574056099e9d",
        "is_verified": false,
        "line_number": 142
      }
    ],
    ".github/instructions/security-and-owasp.instructions.md": [
      {
        "type": "Secret Keyword",
        "filename": ".github/instructions/security-and-owasp.instructions.md",
        "hashed_secret": "3b6c1ac10b797758fd8a4526b23a7ba445d570a1",
        "is_verified": false,
        "line_number": 29
      }
    ],
    ".github/workflows/ai-review.yml": [
      {
        "type": "Secret Keyword",
        "filename": ".github/workflows/ai-review.yml",
        "hashed_secret": "77d72ed715ccbcd0f1149dd5d9e8f1cf59bf2e8c",
        "is_verified": false,
        "line_number": 44
      }
    ],
    ".github/workflows/issue-triage.yml": [
      {
        "type": "Secret Keyword",
        "filename": ".github/workflows/issue-triage.yml",
        "hashed_secret": "77d72ed715ccbcd0f1149dd5d9e8f1cf59bf2e8c",
        "is_verified": false,
        "line_number": 23
      }
    ],
    "docs/CONFIGURATION.md": [
      {
        "type": "Secret Keyword",
        "filename": "docs/CONFIGURATION.md",
        "hashed_secret": "4d0d3c53f51abc7660789000a958332860aa8280",
        "is_verified": false,
        "line_number": 20
      }
    ],
    "molecule/default/molecule.yml": [
      {
        "type": "Secret Keyword",
        "filename": "molecule/default/molecule.yml",
        "hashed_secret": "7af40e2e998ccb8736f6cf27c074cd1cea42363a",
        "is_verified": false,
        "line_number": 54
      }
    ],
    "roles/ai-devtools/tasks/main.yml": [
      {
        "type": "Secret Keyword",
        "filename": "roles/ai-devtools/tasks/main.yml",
        "hashed_secret": "b2007a876dc8768d13e70ae736478ac3dfeb2c64",
        "is_verified": false,
        "line_number": 27
      }
    ],
    "roles/common/tasks/main.yml": [
      {
        "type": "Secret Keyword",
        "filename": "roles/common/tasks/main.yml",
        "hashed_secret": "6b42874e3cd20771d93096ec5ce36307a1f2ba14",
        "is_verified": false,
        "line_number": 106
      }
    ],
    "roles/kde-optimization/templates/kdeglobals.j2": [
      {
        "type": "Hex High Entropy String",
        "filename": "roles/kde-optimization/templates/kdeglobals.j2",
        "hashed_secret": "e5868f7765371138f26d374bc27acd09d16c8977",
        "is_verified": false,
        "line_number": 99
      }
    ],
    "roles/xrdp/templates/xrdp.ini.j2": [
      {
        "type": "Secret Keyword",
        "filename": "roles/xrdp/templates/xrdp.ini.j2",
        "hashed_secret": "1c8f09270fc33a393af3eaf0b2ebf58eb9bbbcc2",
        "is_verified": false,
        "line_number": 190
      }
    ],
    "secrets": [
      {
        "type": "Secret Keyword",
        "filename": "secrets",
        "hashed_secret": "593fd4422e49b3d245ba704d48aa238483165e07",
        "is_verified": false,
        "line_number": 1
      }
    ]
  },
  "generated_at": "2026-02-17T11:22:20Z"
}
