{
  "version": "1.5.0",
  "plugins_used": [
    {
      "name": "ArtifactoryDetector"
    },
    {
      "name": "AWSKeyDetector"
    },
    {
      "name": "AzureStorageKeyDetector"
    },
    {
      "name": "Base64HighEntropyString",
      "limit": 4.5
    },
    {
      "name": "BasicAuthDetector"
    },
    {
      "name": "CloudantDetector"
    },
    {
      "name": "DiscordBotTokenDetector"
    },
    {
      "name": "GitHubTokenDetector"
    },
    {
      "name": "GitLabTokenDetector"
    },
    {
      "name": "HexHighEntropyString",
      "limit": 3.0
    },
    {
      "name": "IbmCloudIamDetector"
    },
    {
      "name": "IbmCosHmacDetector"
    },
    {
      "name": "IPPublicDetector"
    },
    {
      "name": "JwtTokenDetector"
    },
    {
      "name": "KeywordDetector",
      "keyword_exclude": ""
    },
    {
      "name": "MailchimpDetector"
    },
    {
      "name": "NpmDetector"
    },
    {
      "name": "OpenAIDetector"
    },
    {
      "name": "PrivateKeyDetector"
    },
    {
      "name": "PypiTokenDetector"
    },
    {
      "name": "SendGridDetector"
    },
    {
      "name": "SlackDetector"
    },
    {
      "name": "SoftlayerDetector"
    },
    {
      "name": "SquareOAuthDetector"
    },
    {
      "name": "StripeDetector"
    },
    {
      "name": "TelegramBotTokenDetector"
    },
    {
      "name": "TwilioKeyDetector"
    }
  ],
  "filters_used": [
    {
      "path": "detect_secrets.filters.allowlist.is_line_allowlisted"
    },
    {
      "path": "detect_secrets.filters.common.is_baseline_file",
      "filename": ".secrets.baseline"
    },
    {
      "path": "detect_secrets.filters.common.is_ignored_due_to_verification_policies",
      "min_level": 2
    },
    {
      "path": "detect_secrets.filters.heuristic.is_indirect_reference"
    },
    {
      "path": "detect_secrets.filters.heuristic.is_likely_id_string"
    },
    {
      "path": "detect_secrets.filters.heuristic.is_lock_file"
    },
    {
      "path": "detect_secrets.filters.heuristic.is_not_alphanumeric_string"
    },
    {
      "path": "detect_secrets.filters.heuristic.is_potential_uuid"
    },
    {
      "path": "detect_secrets.filters.heuristic.is_prefixed_with_dollar_sign"
    },
    {
      "path": "detect_secrets.filters.heuristic.is_sequential_string"
    },
    {
      "path": "detect_secrets.filters.heuristic.is_swagger_file"
    },
    {
      "path": "detect_secrets.filters.heuristic.is_templated_secret"
    }
  ],
  "results": {
    ".claude/workflows/test.md": [
      {
        "type": "Secret Keyword",
        "filename": ".claude/workflows/test.md",
        "hashed_secret": "aafdc23870ecbcd3d557b6423a8982134e17927e",
        "is_verified": false,
        "line_number": 116
      },
      {
        "type": "Secret Keyword",
        "filename": ".claude/workflows/test.md",
        "hashed_secret": "a4b48a81cdab1e1a5dd37907d6c85ca1c61ddc7c",
        "is_verified": false,
        "line_number": 127
      }
    ],
    ".github/AI_AGENT_GUIDE.md": [
      {
        "type": "Secret Keyword",
        "filename": ".github/AI_AGENT_GUIDE.md",
        "hashed_secret": "287f5351ee84c7bb75d66c276d5c2a79d3f6bedb",
        "is_verified": false,
        "line_number": 592
      },
      {
        "type": "Secret Keyword",
        "filename": ".github/AI_AGENT_GUIDE.md",
        "hashed_secret": "49efef5f70d47adc2db2eb397fbef5f7bc560e29",
        "is_verified": false,
        "line_number": 738
      }
    ],
    ".github/instructions/code-review-generic.instructions.md": [
      {
        "type": "Secret Keyword",
        "filename": ".github/instructions/code-review-generic.instructions.md",
        "hashed_secret": "15a78bff0e63fdf4fa68393a8ce7574056099e9d",
        "is_verified": false,
        "line_number": 142
      }
    ],
    ".github/instructions/security-and-owasp.instructions.md": [
      {
        "type": "Secret Keyword",
        "filename": ".github/instructions/security-and-owasp.instructions.md",
        "hashed_secret": "3b6c1ac10b797758fd8a4526b23a7ba445d570a1",
        "is_verified": false,
        "line_number": 29
      }
    ],
    ".github/workflows/ai-review.yml": [
      {
        "type": "Secret Keyword",
        "filename": ".github/workflows/ai-review.yml",
        "hashed_secret": "c8b1231a652077bca37cbd89d25e28248de75a95",
        "is_verified": false,
        "line_number": 46
      }
    ],
    ".github/workflows/deploy-staging.yml": [
      {
        "type": "Secret Keyword",
        "filename": ".github/workflows/deploy-staging.yml",
        "hashed_secret": "6003a9fa107a83ece167e76a8e58c079d6ab3f8e",
        "is_verified": false,
        "line_number": 27
      },
      {
        "type": "Secret Keyword",
        "filename": ".github/workflows/deploy-staging.yml",
        "hashed_secret": "5ffe533b830f08a0326348a9160afafc8ada44db",
        "is_verified": false,
        "line_number": 36
      }
    ],
    ".github/workflows/deploy.yml": [
      {
        "type": "Secret Keyword",
        "filename": ".github/workflows/deploy.yml",
        "hashed_secret": "6003a9fa107a83ece167e76a8e58c079d6ab3f8e",
        "is_verified": false,
        "line_number": 26
      },
      {
        "type": "Secret Keyword",
        "filename": ".github/workflows/deploy.yml",
        "hashed_secret": "5ffe533b830f08a0326348a9160afafc8ada44db",
        "is_verified": false,
        "line_number": 35
      }
    ],
    ".github/workflows/issue-triage.yml": [
      {
        "type": "Secret Keyword",
        "filename": ".github/workflows/issue-triage.yml",
        "hashed_secret": "c6c59dc5f6a7e40b813335b32a19c919f6a07848",
        "is_verified": false,
        "line_number": 25
      }
    ],
    "docs/CONFIGURATION.md": [
      {
        "type": "Secret Keyword",
        "filename": "docs/CONFIGURATION.md",
        "hashed_secret": "4d0d3c53f51abc7660789000a958332860aa8280",
        "is_verified": false,
        "line_number": 20
      }
    ],
    "plugins/mitogen/docs/_templates/layout.html": [
      {
        "type": "Base64 High Entropy String",
        "filename": "plugins/mitogen/docs/_templates/layout.html",
        "hashed_secret": "da48ac8bd4febd84e540746b62692bdb15673208",
        "is_verified": false,
        "line_number": 11
      }
    ],
    "plugins/mitogen/docs/ansible_detailed.rst": [
      {
        "type": "Secret Keyword",
        "filename": "plugins/mitogen/docs/ansible_detailed.rst",
        "hashed_secret": "08cd923367890009657eab812753379bdb321eeb",
        "is_verified": false,
        "line_number": 1136
      }
    ],
    "plugins/mitogen/docs/index.rst": [
      {
        "type": "Secret Keyword",
        "filename": "plugins/mitogen/docs/index.rst",
        "hashed_secret": "6da4e91f92e0a2bb4537e65d32430146723c9bc3",
        "is_verified": false,
        "line_number": 96
      }
    ],
    "plugins/mitogen/mitogen/doas.py": [
      {
        "type": "Secret Keyword",
        "filename": "plugins/mitogen/mitogen/doas.py",
        "hashed_secret": "dcacbd4821c506b7d17794ae4aa4cb003274cb4a",
        "is_verified": false,
        "line_number": 40
      },
      {
        "type": "Secret Keyword",
        "filename": "plugins/mitogen/mitogen/doas.py",
        "hashed_secret": "6e2f4c3c3f14fb627d47046199fc122a3c4c7c5f",
        "is_verified": false,
        "line_number": 41
      }
    ],
    "plugins/mitogen/mitogen/ssh.py": [
      {
        "type": "Secret Keyword",
        "filename": "plugins/mitogen/mitogen/ssh.py",
        "hashed_secret": "db873d069c079d97fca290569e01c74af137a1ff",
        "is_verified": false,
        "line_number": 50
      },
      {
        "type": "Secret Keyword",
        "filename": "plugins/mitogen/mitogen/ssh.py",
        "hashed_secret": "e6f07529fcbb2034cff1cc846e65d2c5af3cab0d",
        "is_verified": false,
        "line_number": 51
      }
    ],
    "plugins/mitogen/mitogen/su.py": [
      {
        "type": "Secret Keyword",
        "filename": "plugins/mitogen/mitogen/su.py",
        "hashed_secret": "752cca53d5baba2f440199da9d9a783ee59ccb30",
        "is_verified": false,
        "line_number": 40
      },
      {
        "type": "Secret Keyword",
        "filename": "plugins/mitogen/mitogen/su.py",
        "hashed_secret": "78bd6235bd259d9d85c89163737b003433853177",
        "is_verified": false,
        "line_number": 41
      }
    ],
    "plugins/mitogen/mitogen/sudo.py": [
      {
        "type": "Secret Keyword",
        "filename": "plugins/mitogen/mitogen/sudo.py",
        "hashed_secret": "f10db0d3f27319d1d0dd00e5ca0a05a531ca8b3b",
        "is_verified": false,
        "line_number": 42
      },
      {
        "type": "Secret Keyword",
        "filename": "plugins/mitogen/mitogen/sudo.py",
        "hashed_secret": "aeebac2b3b934584ecebb21533c3e582b78d2d86",
        "is_verified": false,
        "line_number": 43
      }
    ],
    "roles/ai-devtools/tasks/main.yml": [
      {
        "type": "Secret Keyword",
        "filename": "roles/ai-devtools/tasks/main.yml",
        "hashed_secret": "b2007a876dc8768d13e70ae736478ac3dfeb2c64",
        "is_verified": false,
        "line_number": 38
      }
    ],
    "roles/common/tasks/main.yml": [
      {
        "type": "Secret Keyword",
        "filename": "roles/common/tasks/main.yml",
        "hashed_secret": "6b42874e3cd20771d93096ec5ce36307a1f2ba14",
        "is_verified": false,
        "line_number": 132
      }
    ],
    "roles/kde-optimization/templates/kdeglobals.j2": [
      {
        "type": "Hex High Entropy String",
        "filename": "roles/kde-optimization/templates/kdeglobals.j2",
        "hashed_secret": "e5868f7765371138f26d374bc27acd09d16c8977",
        "is_verified": false,
        "line_number": 139
      }
    ],
    "roles/xrdp/templates/xrdp.ini.j2": [
      {
        "type": "Secret Keyword",
        "filename": "roles/xrdp/templates/xrdp.ini.j2",
        "hashed_secret": "1c8f09270fc33a393af3eaf0b2ebf58eb9bbbcc2",
        "is_verified": false,
        "line_number": 244
      }
    ],
    "secrets": [
      {
        "type": "Secret Keyword",
        "filename": "secrets",
        "hashed_secret": "593fd4422e49b3d245ba704d48aa238483165e07",
        "is_verified": false,
        "line_number": 1
      }
    ]
  },
  "generated_at": "2026-02-19T19:09:42Z"
}
